Java HotSpot(TM) 64-Bit Server VM (25.231-b11) for windows-amd64 JRE (1.8.0_231-b11), built on Oct  5 2019 03:11:30 by "java_re" with MS VC++ 10.0 (VS2010)
Memory: 4k page, physical 8272828k(3340844k free), swap 12899592k(3797964k free)
CommandLine flags: -XX:InitialHeapSize=2147483648 -XX:MaxHeapSize=2147483648 -XX:+PrintGC -XX:+PrintGCDetails -XX:+PrintGCTimeStamps -XX:+UseCompressedClassPointers -XX:+UseCompressedOops -XX:-UseLargePagesIndividualAllocation -XX:+UseParallelGC 
0.344: [GC (Allocation Failure) [PSYoungGen: 524800K->87024K(611840K)] 524800K->142684K(2010112K), 0.0371197 secs] [Times: user=0.09 sys=0.16, real=0.04 secs] 
0.480: [GC (Allocation Failure) [PSYoungGen: 611824K->87035K(611840K)] 667484K->255467K(2010112K), 0.0514754 secs] [Times: user=0.14 sys=0.24, real=0.05 secs] 
0.624: [GC (Allocation Failure) [PSYoungGen: 611835K->87033K(611840K)] 780267K->365624K(2010112K), 0.0509379 secs] [Times: user=0.25 sys=0.11, real=0.05 secs] 
0.770: [GC (Allocation Failure) [PSYoungGen: 611833K->87038K(611840K)] 890424K->475374K(2010112K), 0.0492434 secs] [Times: user=0.28 sys=0.08, real=0.05 secs] 
0.910: [GC (Allocation Failure) [PSYoungGen: 611838K->87037K(611840K)] 1000174K->600855K(2010112K), 0.0534969 secs] [Times: user=0.39 sys=0.09, real=0.05 secs] 
1.058: [GC (Allocation Failure) [PSYoungGen: 611837K->87033K(320000K)] 1125655K->707510K(1718272K), 0.0516272 secs] [Times: user=0.28 sys=0.08, real=0.05 secs] 
1.150: [GC (Allocation Failure) [PSYoungGen: 319993K->138391K(465920K)] 940470K->765743K(1864192K), 0.0357765 secs] [Times: user=0.23 sys=0.00, real=0.04 secs] 
1.228: [GC (Allocation Failure) [PSYoungGen: 371351K->174459K(465920K)] 998703K->816247K(1864192K), 0.0474003 secs] [Times: user=0.31 sys=0.00, real=0.05 secs] 
1.315: [GC (Allocation Failure) [PSYoungGen: 407419K->183887K(465920K)] 1049207K->860343K(1864192K), 0.0532954 secs] [Times: user=0.38 sys=0.11, real=0.05 secs] 
1.410: [GC (Allocation Failure) [PSYoungGen: 416847K->127616K(461824K)] 1093303K->891939K(1860096K), 0.0531744 secs] [Times: user=0.34 sys=0.14, real=0.05 secs] 
1.505: [GC (Allocation Failure) [PSYoungGen: 360576K->75909K(465920K)] 1124899K->941395K(1864192K), 0.0446386 secs] [Times: user=0.28 sys=0.08, real=0.04 secs] 
1.592: [GC (Allocation Failure) [PSYoungGen: 308869K->73308K(465920K)] 1174355K->997651K(1864192K), 0.0331342 secs] [Times: user=0.17 sys=0.08, real=0.03 secs] 
1.666: [GC (Allocation Failure) [PSYoungGen: 306268K->75821K(465920K)] 1230611K->1059500K(1864192K), 0.0347726 secs] [Times: user=0.13 sys=0.11, real=0.03 secs] 
1.740: [GC (Allocation Failure) [PSYoungGen: 308781K->74390K(465920K)] 1292460K->1120933K(1864192K), 0.0358786 secs] [Times: user=0.30 sys=0.06, real=0.04 secs] 
1.818: [GC (Allocation Failure) [PSYoungGen: 307350K->68987K(465920K)] 1353893K->1174609K(1864192K), 0.0324170 secs] [Times: user=0.14 sys=0.11, real=0.03 secs] 
1.891: [GC (Allocation Failure) [PSYoungGen: 301947K->79369K(465920K)] 1407569K->1239301K(1864192K), 0.0333645 secs] [Times: user=0.17 sys=0.06, real=0.03 secs] 
1.964: [GC (Allocation Failure) [PSYoungGen: 312329K->76718K(465920K)] 1472261K->1297823K(1864192K), 0.0346128 secs] [Times: user=0.16 sys=0.09, real=0.03 secs] 
2.040: [GC (Allocation Failure) [PSYoungGen: 309678K->67257K(465920K)] 1530783K->1350348K(1864192K), 0.0330321 secs] [Times: user=0.11 sys=0.11, real=0.03 secs] 
2.073: [Full GC (Ergonomics) [PSYoungGen: 67257K->0K(465920K)] [ParOldGen: 1283091K->367749K(1398272K)] 1350348K->367749K(1864192K), [Metaspace: 2632K->2632K(1056768K)], 0.1118023 secs] [Times: user=0.66 sys=0.02, real=0.11 secs] 
Heap
 PSYoungGen      total 465920K, used 9744K [0x00000000d5580000, 0x0000000100000000, 0x0000000100000000)
  eden space 232960K, 4% used [0x00000000d5580000,0x00000000d5f04258,0x00000000e3900000)
  from space 232960K, 0% used [0x00000000f1c80000,0x00000000f1c80000,0x0000000100000000)
  to   space 232960K, 0% used [0x00000000e3900000,0x00000000e3900000,0x00000000f1c80000)
 ParOldGen       total 1398272K, used 367749K [0x0000000080000000, 0x00000000d5580000, 0x00000000d5580000)
  object space 1398272K, 26% used [0x0000000080000000,0x00000000967215e8,0x00000000d5580000)
 Metaspace       used 2638K, capacity 4486K, committed 4864K, reserved 1056768K
  class space    used 291K, capacity 386K, committed 512K, reserved 1048576K
