Java HotSpot(TM) 64-Bit Server VM (25.231-b11) for windows-amd64 JRE (1.8.0_231-b11), built on Oct  5 2019 03:11:30 by "java_re" with MS VC++ 10.0 (VS2010)
Memory: 4k page, physical 8272828k(3329204k free), swap 12899592k(3833892k free)
CommandLine flags: -XX:InitialHeapSize=4294967296 -XX:MaxHeapSize=4294967296 -XX:+PrintGC -XX:+PrintGCDetails -XX:+PrintGCTimeStamps -XX:+UseCompressedClassPointers -XX:+UseCompressedOops -XX:-UseLargePagesIndividualAllocation -XX:+UseParallelGC 
0.612: [GC (Allocation Failure) [PSYoungGen: 1048576K->174576K(1223168K)] 1048576K->227901K(4019712K), 0.0576343 secs] [Times: user=0.19 sys=0.20, real=0.06 secs] 
0.858: [GC (Allocation Failure) [PSYoungGen: 1223152K->174585K(1223168K)] 1276477K->358153K(4019712K), 0.0800654 secs] [Times: user=0.34 sys=0.27, real=0.08 secs] 
1.138: [GC (Allocation Failure) [PSYoungGen: 1223161K->174589K(1223168K)] 1406729K->497791K(4019712K), 0.0794421 secs] [Times: user=0.42 sys=0.17, real=0.08 secs] 
1.404: [GC (Allocation Failure) [PSYoungGen: 1223165K->174581K(1223168K)] 1546367K->621206K(4019712K), 0.0793146 secs] [Times: user=0.39 sys=0.11, real=0.08 secs] 
1.665: [GC (Allocation Failure) [PSYoungGen: 1223157K->174586K(1223168K)] 1669782K->753350K(4019712K), 0.0798124 secs] [Times: user=0.36 sys=0.06, real=0.08 secs] 
1.926: [GC (Allocation Failure) [PSYoungGen: 1223162K->174591K(881152K)] 1801926K->878795K(3677696K), 0.0822235 secs] [Times: user=0.38 sys=0.14, real=0.08 secs] 
Heap
 PSYoungGen      total 881152K, used 805950K [0x000000076ab00000, 0x00000007c0000000, 0x00000007c0000000)
  eden space 706560K, 89% used [0x000000076ab00000,0x000000079138f8b8,0x0000000795d00000)
  from space 174592K, 99% used [0x00000007b5580000,0x00000007bfffffe8,0x00000007c0000000)
  to   space 345600K, 0% used [0x0000000795d00000,0x0000000795d00000,0x00000007aae80000)
 ParOldGen       total 2796544K, used 704203K [0x00000006c0000000, 0x000000076ab00000, 0x000000076ab00000)
  object space 2796544K, 25% used [0x00000006c0000000,0x00000006eafb2e40,0x000000076ab00000)
 Metaspace       used 2638K, capacity 4486K, committed 4864K, reserved 1056768K
  class space    used 291K, capacity 386K, committed 512K, reserved 1048576K
