Java HotSpot(TM) 64-Bit Server VM (25.231-b11) for windows-amd64 JRE (1.8.0_231-b11), built on Oct  5 2019 03:11:30 by "java_re" with MS VC++ 10.0 (VS2010)
Memory: 4k page, physical 8272828k(3300800k free), swap 12899592k(3852400k free)
CommandLine flags: -XX:InitialHeapSize=4294967296 -XX:MaxHeapSize=4294967296 -XX:+PrintGC -XX:+PrintGCDetails -XX:+PrintGCTimeStamps -XX:+UseCompressedClassPointers -XX:+UseCompressedOops -XX:-UseLargePagesIndividualAllocation -XX:+UseParallelGC 
0.616: [GC (Allocation Failure) [PSYoungGen: 1048576K->174588K(1223168K)] 1048576K->238248K(4019712K), 0.0600807 secs] [Times: user=0.28 sys=0.19, real=0.06 secs] 
0.867: [GC (Allocation Failure) [PSYoungGen: 1223164K->174591K(1223168K)] 1286824K->358431K(4019712K), 0.0752965 secs] [Times: user=0.20 sys=0.42, real=0.08 secs] 
1.127: [GC (Allocation Failure) [PSYoungGen: 1223167K->174586K(1223168K)] 1407007K->489098K(4019712K), 0.0756932 secs] [Times: user=0.33 sys=0.14, real=0.08 secs] 
1.387: [GC (Allocation Failure) [PSYoungGen: 1223162K->174585K(1223168K)] 1537674K->625489K(4019712K), 0.0774199 secs] [Times: user=0.41 sys=0.09, real=0.08 secs] 
1.653: [GC (Allocation Failure) [PSYoungGen: 1223161K->174585K(1223168K)] 1674065K->742521K(4019712K), 0.0730244 secs] [Times: user=0.47 sys=0.13, real=0.07 secs] 
1.913: [GC (Allocation Failure) [PSYoungGen: 1223161K->174579K(893440K)] 1791097K->873899K(3689984K), 0.0761192 secs] [Times: user=0.34 sys=0.19, real=0.08 secs] 
2.108: [GC (Allocation Failure) [PSYoungGen: 893427K->271843K(1058304K)] 1592747K->972342K(3854848K), 0.0688322 secs] [Times: user=0.59 sys=0.00, real=0.07 secs] 
Heap
 PSYoungGen      total 1058304K, used 300674K [0x000000076ab00000, 0x00000007c0000000, 0x00000007c0000000)
  eden space 718848K, 4% used [0x000000076ab00000,0x000000076c727b80,0x0000000796900000)
  from space 339456K, 80% used [0x0000000796900000,0x00000007a7278f90,0x00000007ab480000)
  to   space 336896K, 0% used [0x00000007ab700000,0x00000007ab700000,0x00000007c0000000)
 ParOldGen       total 2796544K, used 700498K [0x00000006c0000000, 0x000000076ab00000, 0x000000076ab00000)
  object space 2796544K, 25% used [0x00000006c0000000,0x00000006eac148f8,0x000000076ab00000)
 Metaspace       used 2638K, capacity 4486K, committed 4864K, reserved 1056768K
  class space    used 291K, capacity 386K, committed 512K, reserved 1048576K
