Java HotSpot(TM) 64-Bit Server VM (25.231-b11) for windows-amd64 JRE (1.8.0_231-b11), built on Oct  5 2019 03:11:30 by "java_re" with MS VC++ 10.0 (VS2010)
Memory: 4k page, physical 8272828k(3558392k free), swap 12899592k(3784648k free)
CommandLine flags: -XX:InitialHeapSize=4294967296 -XX:MaxHeapSize=4294967296 -XX:+PrintGC -XX:+PrintGCDetails -XX:+PrintGCTimeStamps -XX:+UseCompressedClassPointers -XX:+UseCompressedOops -XX:-UseLargePagesIndividualAllocation -XX:+UseParallelGC 
0.634: [GC (Allocation Failure) [PSYoungGen: 1048576K->174590K(1223168K)] 1048576K->231955K(4019712K), 0.0592317 secs] [Times: user=0.23 sys=0.25, real=0.06 secs] 
0.891: [GC (Allocation Failure) [PSYoungGen: 1223166K->174589K(1223168K)] 1280531K->364765K(4019712K), 0.0863322 secs] [Times: user=0.27 sys=0.25, real=0.09 secs] 
1.184: [GC (Allocation Failure) [PSYoungGen: 1223165K->174587K(1223168K)] 1413341K->487376K(4019712K), 0.0757274 secs] [Times: user=0.44 sys=0.17, real=0.08 secs] 
1.454: [GC (Allocation Failure) [PSYoungGen: 1223163K->174589K(1223168K)] 1535952K->608846K(4019712K), 0.0810829 secs] [Times: user=0.31 sys=0.17, real=0.08 secs] 
1.739: [GC (Allocation Failure) [PSYoungGen: 1223165K->174578K(1223168K)] 1657422K->732472K(4019712K), 0.0745148 secs] [Times: user=0.48 sys=0.14, real=0.07 secs] 
1.999: [GC (Allocation Failure) [PSYoungGen: 1223154K->174586K(897536K)] 1781048K->861911K(3694080K), 0.0825849 secs] [Times: user=0.47 sys=0.20, real=0.08 secs] 
Heap
 PSYoungGen      total 897536K, used 352324K [0x000000076ab00000, 0x00000007c0000000, 0x00000007c0000000)
  eden space 722944K, 24% used [0x000000076ab00000,0x0000000775892530,0x0000000796d00000)
  from space 174592K, 99% used [0x00000007b5580000,0x00000007bfffeb18,0x00000007c0000000)
  to   space 337408K, 0% used [0x0000000796d00000,0x0000000796d00000,0x00000007ab680000)
 ParOldGen       total 2796544K, used 687324K [0x00000006c0000000, 0x000000076ab00000, 0x000000076ab00000)
  object space 2796544K, 24% used [0x00000006c0000000,0x00000006e9f37120,0x000000076ab00000)
 Metaspace       used 2638K, capacity 4486K, committed 4864K, reserved 1056768K
  class space    used 291K, capacity 386K, committed 512K, reserved 1048576K
