Java HotSpot(TM) 64-Bit Server VM (25.231-b11) for windows-amd64 JRE (1.8.0_231-b11), built on Oct  5 2019 03:11:30 by "java_re" with MS VC++ 10.0 (VS2010)
Memory: 4k page, physical 8272828k(3437016k free), swap 12899592k(3722008k free)
CommandLine flags: -XX:InitialHeapSize=5368709120 -XX:MaxHeapSize=5368709120 -XX:+PrintGC -XX:+PrintGCDetails -XX:+PrintGCTimeStamps -XX:+UseCompressedClassPointers -XX:+UseCompressedOops -XX:-UseLargePagesIndividualAllocation -XX:+UseParallelGC 
0.741: [GC (Allocation Failure) [PSYoungGen: 1311232K->218098K(1529344K)] 1311232K->265118K(5024768K), 0.0716988 secs] [Times: user=0.30 sys=0.30, real=0.07 secs] 
1.060: [GC (Allocation Failure) [PSYoungGen: 1529330K->218107K(1529344K)] 1576350K->361689K(5024768K), 0.0811566 secs] [Times: user=0.39 sys=0.23, real=0.08 secs] 
1.384: [GC (Allocation Failure) [PSYoungGen: 1529339K->218093K(1529344K)] 1672921K->475013K(5024768K), 0.0835672 secs] [Times: user=0.56 sys=0.16, real=0.08 secs] 
1.712: [GC (Allocation Failure) [PSYoungGen: 1529325K->218101K(1529344K)] 1786245K->590535K(5024768K), 0.0895137 secs] [Times: user=0.52 sys=0.19, real=0.09 secs] 
2.030: [GC (Allocation Failure) [PSYoungGen: 1529333K->218093K(1529344K)] 1901767K->701343K(5024768K), 0.0897488 secs] [Times: user=0.49 sys=0.19, real=0.09 secs] 
Heap
 PSYoungGen      total 1529344K, used 270521K [0x0000000755580000, 0x00000007c0000000, 0x00000007c0000000)
  eden space 1311232K, 3% used [0x0000000755580000,0x00000007588b3108,0x00000007a5600000)
  from space 218112K, 99% used [0x00000007a5600000,0x00000007b2afb580,0x00000007b2b00000)
  to   space 218112K, 0% used [0x00000007b2b00000,0x00000007b2b00000,0x00000007c0000000)
 ParOldGen       total 3495424K, used 483250K [0x0000000680000000, 0x0000000755580000, 0x0000000755580000)
  object space 3495424K, 13% used [0x0000000680000000,0x000000069d7ec9b8,0x0000000755580000)
 Metaspace       used 2638K, capacity 4486K, committed 4864K, reserved 1056768K
  class space    used 291K, capacity 386K, committed 512K, reserved 1048576K
