Java HotSpot(TM) 64-Bit Server VM (25.231-b11) for windows-amd64 JRE (1.8.0_231-b11), built on Oct  5 2019 03:11:30 by "java_re" with MS VC++ 10.0 (VS2010)
Memory: 4k page, physical 8272828k(3568676k free), swap 12899592k(3789904k free)
CommandLine flags: -XX:InitialHeapSize=4294967296 -XX:MaxHeapSize=4294967296 -XX:+PrintGC -XX:+PrintGCDetails -XX:+PrintGCTimeStamps -XX:+UseCompressedClassPointers -XX:+UseCompressedOops -XX:-UseLargePagesIndividualAllocation -XX:+UseParallelGC 
0.620: [GC (Allocation Failure) [PSYoungGen: 1048576K->174582K(1223168K)] 1048576K->239891K(4019712K), 0.0678208 secs] [Times: user=0.25 sys=0.23, real=0.07 secs] 
0.887: [GC (Allocation Failure) [PSYoungGen: 1223158K->174590K(1223168K)] 1288467K->379736K(4019712K), 0.0837200 secs] [Times: user=0.19 sys=0.42, real=0.08 secs] 
1.166: [GC (Allocation Failure) [PSYoungGen: 1223166K->174588K(1223168K)] 1428312K->523975K(4019712K), 0.0858516 secs] [Times: user=0.33 sys=0.19, real=0.09 secs] 
1.447: [GC (Allocation Failure) [PSYoungGen: 1223164K->174587K(1223168K)] 1572551K->651169K(4019712K), 0.0800064 secs] [Times: user=0.48 sys=0.06, real=0.08 secs] 
1.725: [GC (Allocation Failure) [PSYoungGen: 1223163K->174583K(1223168K)] 1699745K->774145K(4019712K), 0.0802965 secs] [Times: user=0.36 sys=0.24, real=0.08 secs] 
2.001: [GC (Allocation Failure) [PSYoungGen: 1223159K->174583K(903680K)] 1822721K->889475K(3700224K), 0.0820377 secs] [Times: user=0.44 sys=0.14, real=0.08 secs] 
Heap
 PSYoungGen      total 903680K, used 368764K [0x000000076ab00000, 0x00000007c0000000, 0x00000007c0000000)
  eden space 729088K, 26% used [0x000000076ab00000,0x00000007768a1598,0x0000000797300000)
  from space 174592K, 99% used [0x00000007b5580000,0x00000007bfffdd30,0x00000007c0000000)
  to   space 334336K, 0% used [0x0000000797300000,0x0000000797300000,0x00000007ab980000)
 ParOldGen       total 2796544K, used 714892K [0x00000006c0000000, 0x000000076ab00000, 0x000000076ab00000)
  object space 2796544K, 25% used [0x00000006c0000000,0x00000006eba231d8,0x000000076ab00000)
 Metaspace       used 2638K, capacity 4486K, committed 4864K, reserved 1056768K
  class space    used 291K, capacity 386K, committed 512K, reserved 1048576K
