Java HotSpot(TM) 64-Bit Server VM (25.231-b11) for windows-amd64 JRE (1.8.0_231-b11), built on Oct  5 2019 03:11:30 by "java_re" with MS VC++ 10.0 (VS2010)
Memory: 4k page, physical 8272828k(3358732k free), swap 12899592k(3784712k free)
CommandLine flags: -XX:InitialHeapSize=536870912 -XX:MaxHeapSize=536870912 -XX:+PrintGC -XX:+PrintGCDetails -XX:+PrintGCTimeStamps -XX:+UseCompressedClassPointers -XX:+UseCompressedOops -XX:-UseLargePagesIndividualAllocation -XX:+UseParallelGC 
0.180: [GC (Allocation Failure) [PSYoungGen: 131584K->21490K(153088K)] 131584K->40099K(502784K), 0.0115257 secs] [Times: user=0.09 sys=0.03, real=0.01 secs] 
0.221: [GC (Allocation Failure) [PSYoungGen: 153074K->21502K(153088K)] 171683K->80081K(502784K), 0.0184864 secs] [Times: user=0.03 sys=0.09, real=0.02 secs] 
0.268: [GC (Allocation Failure) [PSYoungGen: 153086K->21490K(153088K)] 211665K->118800K(502784K), 0.0166432 secs] [Times: user=0.05 sys=0.08, real=0.02 secs] 
0.310: [GC (Allocation Failure) [PSYoungGen: 153074K->21489K(153088K)] 250384K->159047K(502784K), 0.0162689 secs] [Times: user=0.05 sys=0.08, real=0.02 secs] 
0.352: [GC (Allocation Failure) [PSYoungGen: 153073K->21501K(153088K)] 290631K->199506K(502784K), 0.0168833 secs] [Times: user=0.11 sys=0.00, real=0.02 secs] 
0.398: [GC (Allocation Failure) [PSYoungGen: 153085K->21502K(80384K)] 331090K->244822K(430080K), 0.0188827 secs] [Times: user=0.13 sys=0.00, real=0.02 secs] 
0.429: [GC (Allocation Failure) [PSYoungGen: 80382K->33564K(116736K)] 303702K->260831K(466432K), 0.0107807 secs] [Times: user=0.09 sys=0.00, real=0.01 secs] 
0.451: [GC (Allocation Failure) [PSYoungGen: 92428K->43230K(116736K)] 319695K->276145K(466432K), 0.0138860 secs] [Times: user=0.00 sys=0.00, real=0.01 secs] 
0.477: [GC (Allocation Failure) [PSYoungGen: 102110K->50294K(116736K)] 335025K->291704K(466432K), 0.0153745 secs] [Times: user=0.13 sys=0.00, real=0.02 secs] 
0.504: [GC (Allocation Failure) [PSYoungGen: 109174K->40265K(116736K)] 350584K->313012K(466432K), 0.0189251 secs] [Times: user=0.03 sys=0.08, real=0.02 secs] 
0.535: [GC (Allocation Failure) [PSYoungGen: 99061K->21668K(116736K)] 371807K->332230K(466432K), 0.0159861 secs] [Times: user=0.08 sys=0.03, real=0.02 secs] 
0.551: [Full GC (Ergonomics) [PSYoungGen: 21668K->0K(116736K)] [ParOldGen: 310562K->240254K(349696K)] 332230K->240254K(466432K), [Metaspace: 2632K->2632K(1056768K)], 0.0727007 secs] [Times: user=0.56 sys=0.01, real=0.07 secs] 
0.637: [GC (Allocation Failure) [PSYoungGen: 58837K->20472K(116736K)] 299091K->260727K(466432K), 0.0057949 secs] [Times: user=0.00 sys=0.00, real=0.00 secs] 
0.655: [GC (Allocation Failure) [PSYoungGen: 79352K->21112K(116736K)] 319607K->280022K(466432K), 0.0108016 secs] [Times: user=0.00 sys=0.00, real=0.01 secs] 
0.676: [GC (Allocation Failure) [PSYoungGen: 79459K->23332K(116736K)] 338368K->302722K(466432K), 0.0116833 secs] [Times: user=0.09 sys=0.00, real=0.01 secs] 
0.697: [GC (Allocation Failure) [PSYoungGen: 82212K->22790K(116736K)] 361602K->324489K(466432K), 0.0114863 secs] [Times: user=0.11 sys=0.00, real=0.01 secs] 
0.709: [Full GC (Ergonomics) [PSYoungGen: 22790K->0K(116736K)] [ParOldGen: 301699K->271159K(349696K)] 324489K->271159K(466432K), [Metaspace: 2632K->2632K(1056768K)], 0.0707641 secs] [Times: user=0.58 sys=0.00, real=0.07 secs] 
0.794: [GC (Allocation Failure) [PSYoungGen: 58880K->21683K(116736K)] 330039K->292842K(466432K), 0.0070070 secs] [Times: user=0.00 sys=0.00, real=0.01 secs] 
0.813: [GC (Allocation Failure) [PSYoungGen: 80275K->22278K(116736K)] 351434K->311561K(466432K), 0.0126981 secs] [Times: user=0.11 sys=0.00, real=0.01 secs] 
0.837: [GC (Allocation Failure) [PSYoungGen: 80923K->21185K(116736K)] 370206K->330301K(466432K), 0.0110055 secs] [Times: user=0.13 sys=0.00, real=0.01 secs] 
0.848: [Full GC (Ergonomics) [PSYoungGen: 21185K->0K(116736K)] [ParOldGen: 309116K->292558K(349696K)] 330301K->292558K(466432K), [Metaspace: 2632K->2632K(1056768K)], 0.0750207 secs] [Times: user=0.58 sys=0.00, real=0.08 secs] 
0.934: [GC (Allocation Failure) [PSYoungGen: 58699K->23002K(116736K)] 351258K->315561K(466432K), 0.0060254 secs] [Times: user=0.00 sys=0.00, real=0.01 secs] 
0.951: [GC (Allocation Failure) [PSYoungGen: 81882K->21229K(116736K)] 374441K->335188K(466432K), 0.0133358 secs] [Times: user=0.01 sys=0.00, real=0.01 secs] 
0.965: [Full GC (Ergonomics) [PSYoungGen: 21229K->0K(116736K)] [ParOldGen: 313959K->301721K(349696K)] 335188K->301721K(466432K), [Metaspace: 2632K->2632K(1056768K)], 0.0810713 secs] [Times: user=0.55 sys=0.00, real=0.08 secs] 
1.058: [GC (Allocation Failure) [PSYoungGen: 58229K->19465K(116736K)] 359951K->321186K(466432K), 0.0058701 secs] [Times: user=0.13 sys=0.00, real=0.01 secs] 
1.076: [GC (Allocation Failure) [PSYoungGen: 78345K->16160K(116736K)] 380066K->336861K(466432K), 0.0096805 secs] [Times: user=0.00 sys=0.00, real=0.01 secs] 
1.085: [Full GC (Ergonomics) [PSYoungGen: 16160K->0K(116736K)] [ParOldGen: 320700K->305009K(349696K)] 336861K->305009K(466432K), [Metaspace: 2632K->2632K(1056768K)], 0.0806361 secs] [Times: user=0.53 sys=0.02, real=0.08 secs] 
1.177: [GC (Allocation Failure) [PSYoungGen: 58822K->27002K(116736K)] 363832K->332011K(466432K), 0.0071292 secs] [Times: user=0.05 sys=0.02, real=0.01 secs] 
1.197: [GC (Allocation Failure) [PSYoungGen: 85882K->19039K(116736K)] 390891K->348028K(466432K), 0.0119733 secs] [Times: user=0.13 sys=0.00, real=0.01 secs] 
1.209: [Full GC (Ergonomics) [PSYoungGen: 19039K->0K(116736K)] [ParOldGen: 328988K->317389K(349696K)] 348028K->317389K(466432K), [Metaspace: 2632K->2632K(1056768K)], 0.0794854 secs] [Times: user=0.63 sys=0.00, real=0.08 secs] 
1.299: [Full GC (Ergonomics) [PSYoungGen: 58729K->0K(116736K)] [ParOldGen: 317389K->321611K(349696K)] 376119K->321611K(466432K), [Metaspace: 2632K->2632K(1056768K)], 0.0889002 secs] [Times: user=0.56 sys=0.00, real=0.09 secs] 
1.400: [Full GC (Ergonomics) [PSYoungGen: 58880K->0K(116736K)] [ParOldGen: 321611K->323288K(349696K)] 380491K->323288K(466432K), [Metaspace: 2632K->2632K(1056768K)], 0.0835845 secs] [Times: user=0.67 sys=0.00, real=0.08 secs] 
1.496: [Full GC (Ergonomics) [PSYoungGen: 58741K->0K(116736K)] [ParOldGen: 323288K->324935K(349696K)] 382029K->324935K(466432K), [Metaspace: 2632K->2632K(1056768K)], 0.0865913 secs] [Times: user=0.69 sys=0.00, real=0.09 secs] 
1.595: [Full GC (Ergonomics) [PSYoungGen: 58880K->0K(116736K)] [ParOldGen: 324935K->323092K(349696K)] 383815K->323092K(466432K), [Metaspace: 2632K->2632K(1056768K)], 0.0812108 secs] [Times: user=0.59 sys=0.00, real=0.08 secs] 
1.687: [Full GC (Ergonomics) [PSYoungGen: 58824K->0K(116736K)] [ParOldGen: 323092K->324357K(349696K)] 381916K->324357K(466432K), [Metaspace: 2632K->2632K(1056768K)], 0.0884655 secs] [Times: user=0.52 sys=0.00, real=0.09 secs] 
1.787: [Full GC (Ergonomics) [PSYoungGen: 58853K->0K(116736K)] [ParOldGen: 324357K->325318K(349696K)] 383210K->325318K(466432K), [Metaspace: 2632K->2632K(1056768K)], 0.0787798 secs] [Times: user=0.56 sys=0.00, real=0.08 secs] 
1.878: [Full GC (Ergonomics) [PSYoungGen: 58880K->0K(116736K)] [ParOldGen: 325318K->332854K(349696K)] 384198K->332854K(466432K), [Metaspace: 2632K->2632K(1056768K)], 0.0912970 secs] [Times: user=0.64 sys=0.00, real=0.09 secs] 
1.982: [Full GC (Ergonomics) [PSYoungGen: 58758K->0K(116736K)] [ParOldGen: 332854K->334319K(349696K)] 391612K->334319K(466432K), [Metaspace: 2632K->2632K(1056768K)], 0.0831840 secs] [Times: user=0.61 sys=0.00, real=0.08 secs] 
2.076: [Full GC (Ergonomics) [PSYoungGen: 58646K->0K(116736K)] [ParOldGen: 334319K->336804K(349696K)] 392965K->336804K(466432K), [Metaspace: 2632K->2632K(1056768K)], 0.0916248 secs] [Times: user=0.58 sys=0.00, real=0.09 secs] 
Heap
 PSYoungGen      total 116736K, used 2971K [0x00000000f5580000, 0x0000000100000000, 0x0000000100000000)
  eden space 58880K, 5% used [0x00000000f5580000,0x00000000f5866c78,0x00000000f8f00000)
  from space 57856K, 0% used [0x00000000fc780000,0x00000000fc780000,0x0000000100000000)
  to   space 57856K, 0% used [0x00000000f8f00000,0x00000000f8f00000,0x00000000fc780000)
 ParOldGen       total 349696K, used 336804K [0x00000000e0000000, 0x00000000f5580000, 0x00000000f5580000)
  object space 349696K, 96% used [0x00000000e0000000,0x00000000f48e9040,0x00000000f5580000)
 Metaspace       used 2638K, capacity 4486K, committed 4864K, reserved 1056768K
  class space    used 291K, capacity 386K, committed 512K, reserved 1048576K
