Java HotSpot(TM) 64-Bit Server VM (25.231-b11) for windows-amd64 JRE (1.8.0_231-b11), built on Oct  5 2019 03:11:30 by "java_re" with MS VC++ 10.0 (VS2010)
Memory: 4k page, physical 8272828k(2685712k free), swap 12899592k(3684944k free)
CommandLine flags: -XX:InitialHeapSize=536870912 -XX:MaxHeapSize=536870912 -XX:+PrintGC -XX:+PrintGCTimeStamps -XX:+UseCompressedClassPointers -XX:+UseCompressedOops -XX:-UseLargePagesIndividualAllocation -XX:+UseParallelGC 
0.162: [GC (Allocation Failure)  131584K->47216K(502784K),  0.0136972 secs]
0.203: [GC (Allocation Failure)  178800K->91853K(502784K),  0.0228635 secs]
0.251: [GC (Allocation Failure)  223437K->133648K(502784K), 0.0204749 secs]
0.298: [GC (Allocation Failure)  265232K->177506K(502784K), 0.0214660 secs]
0.347: [GC (Allocation Failure)  309090K->216023K(502784K), 0.0199591 secs]
0.393: [GC (Allocation Failure)  347607K->256151K(430080K), 0.0199224 secs]
0.423: [GC (Allocation Failure)  314708K->274503K(466432K), 0.0112006 secs]
0.446: [GC (Allocation Failure)  333383K->289747K(466432K), 0.0136467 secs]
0.470: [GC (Allocation Failure)  348293K->309049K(466432K), 0.0160836 secs]
0.497: [GC (Allocation Failure)  367737K->328159K(466432K), 0.0225286 secs]
0.529: [GC (Allocation Failure)  386805K->349397K(466432K), 0.0200397 secs]
0.549: [Full GC (Ergonomics)  349397K->244945K(466432K),    0.0670609 secs]
0.628: [GC (Allocation Failure)  303824K->262194K(466432K), 0.0050295 secs]
0.644: [GC (Allocation Failure)  321074K->282143K(466432K), 0.0096480 secs]
0.665: [GC (Allocation Failure)  341023K->301653K(466432K), 0.0104229 secs]
0.686: [GC (Allocation Failure)  360533K->317000K(466432K), 0.0091850 secs]
0.695: [Full GC (Ergonomics)  317000K->266301K(466432K),    0.0684956 secs]
0.775: [GC (Allocation Failure)  325181K->287397K(466432K), 0.0059290 secs]
0.791: [GC (Allocation Failure)  346277K->309504K(466432K), 0.0110818 secs]
0.813: [GC (Allocation Failure)  368384K->331755K(466432K), 0.0113655 secs]
0.825: [Full GC (Ergonomics)  331755K->287353K(466432K),    0.0755760 secs]
0.912: [GC (Allocation Failure)  346233K->311964K(466432K), 0.0066867 secs]
0.930: [GC (Allocation Failure)  370828K->331677K(466432K), 0.0118223 secs]
0.942: [Full GC (Ergonomics)  331677K->300781K(466432K),    0.0800323 secs]
1.034: [GC (Allocation Failure)  359579K->322405K(466432K), 0.0068314 secs]
1.054: [GC (Allocation Failure)  380683K->340036K(466432K), 0.0114376 secs]
1.065: [Full GC (Ergonomics)  340036K->310317K(466432K),    0.0871561 secs]
1.166: [GC (Allocation Failure)  369129K->330128K(466432K), 0.0063611 secs]
1.185: [GC (Allocation Failure)  389008K->348868K(466432K), 0.0112232 secs]
1.196: [Full GC (Ergonomics)  348868K->315864K(466432K),    0.0849345 secs]
1.294: [Full GC (Ergonomics)  374624K->317225K(466432K),    0.0793413 secs]
1.385: [Full GC (Ergonomics)  375783K->316334K(466432K),    0.0802145 secs]
1.478: [Full GC (Ergonomics)  375041K->317992K(466432K),    0.0869774 secs]
1.577: [Full GC (Ergonomics)  376843K->324861K(466432K),    0.0869919 secs]
1.676: [Full GC (Ergonomics)  383521K->332412K(466432K),    0.0895801 secs]
1.778: [Full GC (Ergonomics)  391292K->336797K(466432K),    0.0861902 secs]
1.875: [Full GC (Ergonomics)  394940K->338262K(466432K),    0.0895467 secs]
1.976: [Full GC (Ergonomics)  397035K->338683K(466432K),    0.0873717 secs]
2.073: [Full GC (Ergonomics)  397563K->337098K(466432K),    0.0861257 secs]
