Java HotSpot(TM) 64-Bit Server VM (25.231-b11) for windows-amd64 JRE (1.8.0_231-b11), built on Oct  5 2019 03:11:30 by "java_re" with MS VC++ 10.0 (VS2010)
Memory: 4k page, physical 8272828k(2540972k free), swap 12899592k(3864240k free)
CommandLine flags: -XX:InitialHeapSize=1073741824 -XX:MaxHeapSize=1073741824 -XX:+PrintGC -XX:+PrintGCDetails -XX:+PrintGCTimeStamps -XX:+UseCompressedClassPointers -XX:+UseCompressedOops -XX:-UseLargePagesIndividualAllocation -XX:+UseParallelGC 
0.238: [GC (Allocation Failure) [PSYoungGen: 262144K->43508K(305664K)] 262144K->87773K(1005056K), 0.0226915 secs] [Times: user=0.09 sys=0.11, real=0.02 secs] 
0.314: [GC (Allocation Failure) [PSYoungGen: 305652K->43504K(305664K)] 349917K->164898K(1005056K), 0.0310617 secs] [Times: user=0.08 sys=0.17, real=0.03 secs] 
0.396: [GC (Allocation Failure) [PSYoungGen: 305648K->43513K(305664K)] 427042K->238083K(1005056K), 0.0299743 secs] [Times: user=0.22 sys=0.02, real=0.03 secs] 
0.473: [GC (Allocation Failure) [PSYoungGen: 305657K->43513K(305664K)] 500227K->317463K(1005056K), 0.0313381 secs] [Times: user=0.17 sys=0.08, real=0.03 secs] 
0.550: [GC (Allocation Failure) [PSYoungGen: 305657K->43518K(305664K)] 579607K->389755K(1005056K), 0.0298837 secs] [Times: user=0.16 sys=0.09, real=0.03 secs] 
0.625: [GC (Allocation Failure) [PSYoungGen: 305662K->43518K(160256K)] 651899K->467178K(859648K), 0.0310686 secs] [Times: user=0.16 sys=0.09, real=0.03 secs] 
0.677: [GC (Allocation Failure) [PSYoungGen: 160254K->73541K(232960K)] 583914K->503862K(932352K), 0.0216288 secs] [Times: user=0.25 sys=0.00, real=0.02 secs] 
0.721: [GC (Allocation Failure) [PSYoungGen: 190277K->91702K(232960K)] 620598K->533019K(932352K), 0.0256879 secs] [Times: user=0.23 sys=0.00, real=0.03 secs] 
0.769: [GC (Allocation Failure) [PSYoungGen: 208438K->104842K(232960K)] 649755K->561044K(932352K), 0.0296270 secs] [Times: user=0.22 sys=0.00, real=0.03 secs] 
0.820: [GC (Allocation Failure) [PSYoungGen: 221578K->75110K(232960K)] 677780K->588512K(932352K), 0.0330250 secs] [Times: user=0.30 sys=0.06, real=0.03 secs] 
0.875: [GC (Allocation Failure) [PSYoungGen: 191846K->39327K(232960K)] 705248K->620116K(932352K), 0.0270870 secs] [Times: user=0.13 sys=0.13, real=0.03 secs] 
0.924: [GC (Allocation Failure) [PSYoungGen: 156063K->38039K(232960K)] 736852K->653526K(932352K), 0.0186956 secs] [Times: user=0.11 sys=0.01, real=0.02 secs] 
0.943: [Full GC (Ergonomics) [PSYoungGen: 38039K->0K(232960K)] [ParOldGen: 615487K->333863K(699392K)] 653526K->333863K(932352K), [Metaspace: 2632K->2632K(1056768K)], 0.0946850 secs] [Times: user=0.63 sys=0.05, real=0.10 secs] 
1.059: [GC (Allocation Failure) [PSYoungGen: 116736K->40983K(232960K)] 450599K->374846K(932352K), 0.0105439 secs] [Times: user=0.00 sys=0.00, real=0.01 secs] 
1.092: [GC (Allocation Failure) [PSYoungGen: 157719K->37963K(232960K)] 491582K->408895K(932352K), 0.0195642 secs] [Times: user=0.13 sys=0.00, real=0.02 secs] 
1.133: [GC (Allocation Failure) [PSYoungGen: 154699K->41674K(232960K)] 525631K->447649K(932352K), 0.0202896 secs] [Times: user=0.23 sys=0.00, real=0.02 secs] 
1.175: [GC (Allocation Failure) [PSYoungGen: 158410K->41116K(232960K)] 564385K->483889K(932352K), 0.0195275 secs] [Times: user=0.13 sys=0.00, real=0.02 secs] 
1.218: [GC (Allocation Failure) [PSYoungGen: 157852K->37174K(232960K)] 600625K->516146K(932352K), 0.0191137 secs] [Times: user=0.13 sys=0.00, real=0.02 secs] 
1.260: [GC (Allocation Failure) [PSYoungGen: 153910K->38145K(232960K)] 632882K->549377K(932352K), 0.0176798 secs] [Times: user=0.11 sys=0.00, real=0.02 secs] 
1.298: [GC (Allocation Failure) [PSYoungGen: 154881K->38607K(232960K)] 666113K->582475K(932352K), 0.0178071 secs] [Times: user=0.13 sys=0.00, real=0.02 secs] 
1.336: [GC (Allocation Failure) [PSYoungGen: 155285K->43022K(232960K)] 699153K->618548K(932352K), 0.0189606 secs] [Times: user=0.22 sys=0.00, real=0.02 secs] 
1.379: [GC (Allocation Failure) [PSYoungGen: 159721K->40581K(232960K)] 735248K->655428K(932352K), 0.0202556 secs] [Times: user=0.13 sys=0.02, real=0.02 secs] 
1.421: [GC (Allocation Failure) [PSYoungGen: 157317K->41515K(232960K)] 772164K->691714K(932352K), 0.0200252 secs] [Times: user=0.08 sys=0.05, real=0.02 secs] 
1.441: [Full GC (Ergonomics) [PSYoungGen: 41515K->0K(232960K)] [ParOldGen: 650199K->367192K(699392K)] 691714K->367192K(932352K), [Metaspace: 2632K->2632K(1056768K)], 0.0963190 secs] [Times: user=0.72 sys=0.00, real=0.10 secs] 
1.559: [GC (Allocation Failure) [PSYoungGen: 116684K->39832K(232960K)] 483876K->407025K(932352K), 0.0099400 secs] [Times: user=0.00 sys=0.00, real=0.01 secs] 
1.590: [GC (Allocation Failure) [PSYoungGen: 156410K->39874K(232960K)] 523603K->442469K(932352K), 0.0192143 secs] [Times: user=0.13 sys=0.00, real=0.02 secs] 
1.631: [GC (Allocation Failure) [PSYoungGen: 156610K->43197K(232960K)] 559205K->480335K(932352K), 0.0192114 secs] [Times: user=0.23 sys=0.00, real=0.02 secs] 
1.671: [GC (Allocation Failure) [PSYoungGen: 159925K->40166K(235008K)] 597064K->516181K(934400K), 0.0200297 secs] [Times: user=0.13 sys=0.00, real=0.02 secs] 
1.713: [GC (Allocation Failure) [PSYoungGen: 158950K->41316K(232960K)] 634965K->554044K(932352K), 0.0195829 secs] [Times: user=0.11 sys=0.00, real=0.02 secs] 
1.755: [GC (Allocation Failure) [PSYoungGen: 160100K->43459K(243712K)] 672828K->592786K(943104K), 0.0211172 secs] [Times: user=0.19 sys=0.00, real=0.02 secs] 
1.801: [GC (Allocation Failure) [PSYoungGen: 177091K->42904K(239104K)] 726418K->632783K(938496K), 0.0212741 secs] [Times: user=0.23 sys=0.00, real=0.02 secs] 
1.845: [GC (Allocation Failure) [PSYoungGen: 176536K->46182K(252928K)] 766415K->673551K(952320K), 0.0211112 secs] [Times: user=0.13 sys=0.00, real=0.02 secs] 
1.895: [GC (Allocation Failure) [PSYoungGen: 198246K->46760K(248320K)] 825615K->715796K(947712K), 0.0228296 secs] [Times: user=0.20 sys=0.03, real=0.02 secs] 
1.918: [Full GC (Ergonomics) [PSYoungGen: 46760K->0K(248320K)] [ParOldGen: 669035K->381793K(699392K)] 715796K->381793K(947712K), [Metaspace: 2632K->2632K(1056768K)], 0.1021943 secs] [Times: user=0.61 sys=0.00, real=0.10 secs] 
2.046: [GC (Allocation Failure) [PSYoungGen: 152064K->58585K(257536K)] 533857K->440378K(956928K), 0.0149728 secs] [Times: user=0.13 sys=0.00, real=0.01 secs] 
Heap
 PSYoungGen      total 257536K, used 212240K [0x00000000eab00000, 0x0000000100000000, 0x0000000100000000)
  eden space 165376K, 92% used [0x00000000eab00000,0x00000000f410dd48,0x00000000f4c80000)
  from space 92160K, 63% used [0x00000000fa600000,0x00000000fdf36408,0x0000000100000000)
  to   space 91648K, 0% used [0x00000000f4c80000,0x00000000f4c80000,0x00000000fa600000)
 ParOldGen       total 699392K, used 381793K [0x00000000c0000000, 0x00000000eab00000, 0x00000000eab00000)
  object space 699392K, 54% used [0x00000000c0000000,0x00000000d74d85a0,0x00000000eab00000)
 Metaspace       used 2638K, capacity 4486K, committed 4864K, reserved 1056768K
  class space    used 291K, capacity 386K, committed 512K, reserved 1048576K
