Java HotSpot(TM) 64-Bit Server VM (25.231-b11) for windows-amd64 JRE (1.8.0_231-b11), built on Oct  5 2019 03:11:30 by "java_re" with MS VC++ 10.0 (VS2010)
Memory: 4k page, physical 8272828k(3692972k free), swap 12899592k(3742672k free)
CommandLine flags: -XX:InitialHeapSize=5368709120 -XX:MaxHeapSize=5368709120 -XX:+PrintGC -XX:+PrintGCDetails -XX:+PrintGCTimeStamps -XX:+UseCompressedClassPointers -XX:+UseCompressedOops -XX:-UseLargePagesIndividualAllocation -XX:+UseParallelGC 
0.743: [GC (Allocation Failure) [PSYoungGen: 1311232K->218106K(1529344K)] 1311232K->259556K(5024768K), 0.0676756 secs] [Times: user=0.25 sys=0.20, real=0.07 secs] 
1.066: [GC (Allocation Failure) [PSYoungGen: 1529338K->218106K(1529344K)] 1570788K->378330K(5024768K), 0.0903139 secs] [Times: user=0.25 sys=0.47, real=0.09 secs] 
1.389: [GC (Allocation Failure) [PSYoungGen: 1529338K->218107K(1529344K)] 1689562K->481803K(5024768K), 0.0877269 secs] [Times: user=0.38 sys=0.19, real=0.09 secs] 
1.721: [GC (Allocation Failure) [PSYoungGen: 1529339K->218110K(1529344K)] 1793035K->582747K(5024768K), 0.0843771 secs] [Times: user=0.47 sys=0.11, real=0.08 secs] 
2.036: [GC (Allocation Failure) [PSYoungGen: 1529342K->218104K(1529344K)] 1893979K->693262K(5024768K), 0.0819284 secs] [Times: user=0.38 sys=0.19, real=0.08 secs] 
Heap
 PSYoungGen      total 1529344K, used 270499K [0x0000000755580000, 0x00000007c0000000, 0x00000007c0000000)
  eden space 1311232K, 3% used [0x0000000755580000,0x00000007588aad50,0x00000007a5600000)
  from space 218112K, 99% used [0x00000007a5600000,0x00000007b2afe120,0x00000007b2b00000)
  to   space 218112K, 0% used [0x00000007b2b00000,0x00000007b2b00000,0x00000007c0000000)
 ParOldGen       total 3495424K, used 475157K [0x0000000680000000, 0x0000000755580000, 0x0000000755580000)
  object space 3495424K, 13% used [0x0000000680000000,0x000000069d0057d0,0x0000000755580000)
 Metaspace       used 2638K, capacity 4486K, committed 4864K, reserved 1056768K
  class space    used 291K, capacity 386K, committed 512K, reserved 1048576K
