Java HotSpot(TM) 64-Bit Server VM (25.231-b11) for windows-amd64 JRE (1.8.0_231-b11), built on Oct  5 2019 03:11:30 by "java_re" with MS VC++ 10.0 (VS2010)
Memory: 4k page, physical 8272828k(2794340k free), swap 12899592k(3863912k free)
CommandLine flags: -XX:InitialHeapSize=2147483648 -XX:MaxHeapSize=2147483648 -XX:+PrintGC -XX:+PrintGCDetails -XX:+PrintGCTimeStamps -XX:+UseCompressedClassPointers -XX:+UseCompressedOops -XX:-UseLargePagesIndividualAllocation -XX:+UseParallelGC 
0.354: [GC (Allocation Failure) [PSYoungGen: 524800K->87030K(611840K)] 524800K->138318K(2010112K), 0.0361883 secs] [Times: user=0.16 sys=0.19, real=0.04 secs] 
0.492: [GC (Allocation Failure) [PSYoungGen: 611830K->87021K(611840K)] 663118K->255773K(2010112K), 0.0521551 secs] [Times: user=0.16 sys=0.20, real=0.05 secs] 
0.635: [GC (Allocation Failure) [PSYoungGen: 611821K->87034K(611840K)] 780573K->367598K(2010112K), 0.0503990 secs] [Times: user=0.33 sys=0.14, real=0.05 secs] 
0.778: [GC (Allocation Failure) [PSYoungGen: 611834K->87031K(611840K)] 892398K->485720K(2010112K), 0.0510367 secs] [Times: user=0.33 sys=0.14, real=0.05 secs] 
0.920: [GC (Allocation Failure) [PSYoungGen: 611831K->87037K(611840K)] 1010520K->596289K(2010112K), 0.0498352 secs] [Times: user=0.19 sys=0.17, real=0.05 secs] 
1.062: [GC (Allocation Failure) [PSYoungGen: 611837K->87039K(320000K)] 1121089K->709023K(1718272K), 0.0509650 secs] [Times: user=0.20 sys=0.16, real=0.05 secs] 
1.154: [GC (Allocation Failure) [PSYoungGen: 319999K->143109K(465920K)] 941983K->770271K(1864192K), 0.0367495 secs] [Times: user=0.23 sys=0.00, real=0.04 secs] 
1.233: [GC (Allocation Failure) [PSYoungGen: 376069K->177753K(465920K)] 1003231K->816608K(1864192K), 0.0487607 secs] [Times: user=0.31 sys=0.05, real=0.05 secs] 
1.325: [GC (Allocation Failure) [PSYoungGen: 410713K->181240K(465920K)] 1049568K->853862K(1864192K), 0.0535210 secs] [Times: user=0.44 sys=0.03, real=0.05 secs] 
1.418: [GC (Allocation Failure) [PSYoungGen: 414200K->129500K(461824K)] 1086822K->890541K(1860096K), 0.0552122 secs] [Times: user=0.30 sys=0.16, real=0.06 secs] 
1.516: [GC (Allocation Failure) [PSYoungGen: 362460K->76865K(465920K)] 1123501K->940729K(1864192K), 0.0478096 secs] [Times: user=0.30 sys=0.02, real=0.05 secs] 
1.606: [GC (Allocation Failure) [PSYoungGen: 309825K->78693K(465920K)] 1173689K->1003555K(1864192K), 0.0351097 secs] [Times: user=0.27 sys=0.09, real=0.03 secs] 
1.681: [GC (Allocation Failure) [PSYoungGen: 311653K->71656K(465920K)] 1236515K->1061380K(1864192K), 0.0362812 secs] [Times: user=0.17 sys=0.06, real=0.04 secs] 
1.761: [GC (Allocation Failure) [PSYoungGen: 304375K->67008K(465920K)] 1294099K->1114966K(1864192K), 0.0353742 secs] [Times: user=0.22 sys=0.06, real=0.04 secs] 
1.839: [GC (Allocation Failure) [PSYoungGen: 299968K->75902K(465920K)] 1347926K->1178181K(1864192K), 0.0334127 secs] [Times: user=0.08 sys=0.17, real=0.03 secs] 
1.913: [GC (Allocation Failure) [PSYoungGen: 308862K->87490K(465920K)] 1411141K->1250162K(1864192K), 0.0377426 secs] [Times: user=0.19 sys=0.05, real=0.04 secs] 
1.992: [GC (Allocation Failure) [PSYoungGen: 320450K->74452K(465920K)] 1483122K->1304466K(1864192K), 0.0380149 secs] [Times: user=0.13 sys=0.11, real=0.04 secs] 
2.070: [GC (Allocation Failure) [PSYoungGen: 307412K->78349K(465920K)] 1537426K->1367038K(1864192K), 0.0354452 secs] [Times: user=0.19 sys=0.03, real=0.04 secs] 
2.106: [Full GC (Ergonomics) [PSYoungGen: 78349K->0K(465920K)] [ParOldGen: 1288689K->378634K(1398272K)] 1367038K->378634K(1864192K), [Metaspace: 2632K->2632K(1056768K)], 0.1169300 secs] [Times: user=0.69 sys=0.08, real=0.12 secs] 
Heap
 PSYoungGen      total 465920K, used 9720K [0x00000000d5580000, 0x0000000100000000, 0x0000000100000000)
  eden space 232960K, 4% used [0x00000000d5580000,0x00000000d5efe3e8,0x00000000e3900000)
  from space 232960K, 0% used [0x00000000f1c80000,0x00000000f1c80000,0x0000000100000000)
  to   space 232960K, 0% used [0x00000000e3900000,0x00000000e3900000,0x00000000f1c80000)
 ParOldGen       total 1398272K, used 378634K [0x0000000080000000, 0x00000000d5580000, 0x00000000d5580000)
  object space 1398272K, 27% used [0x0000000080000000,0x00000000971c2af8,0x00000000d5580000)
 Metaspace       used 2638K, capacity 4486K, committed 4864K, reserved 1056768K
  class space    used 291K, capacity 386K, committed 512K, reserved 1048576K
