Java HotSpot(TM) 64-Bit Server VM (25.231-b11) for windows-amd64 JRE (1.8.0_231-b11), built on Oct  5 2019 03:11:30 by "java_re" with MS VC++ 10.0 (VS2010)
Memory: 4k page, physical 8272828k(3559252k free), swap 12899592k(3786476k free)
CommandLine flags: -XX:InitialHeapSize=1073741824 -XX:MaxHeapSize=1073741824 -XX:+PrintGC -XX:+PrintGCDetails -XX:+PrintGCTimeStamps -XX:+UseCompressedClassPointers -XX:+UseCompressedOops -XX:-UseLargePagesIndividualAllocation -XX:+UseParallelGC 
0.251: [GC (Allocation Failure) [PSYoungGen: 262144K->43503K(305664K)] 262144K->78740K(1005056K), 0.0208121 secs] [Times: user=0.06 sys=0.00, real=0.02 secs] 
0.326: [GC (Allocation Failure) [PSYoungGen: 305647K->43504K(305664K)] 340884K->153364K(1005056K), 0.0331780 secs] [Times: user=0.19 sys=0.17, real=0.03 secs] 
0.412: [GC (Allocation Failure) [PSYoungGen: 305648K->43518K(305664K)] 415508K->227368K(1005056K), 0.0295551 secs] [Times: user=0.13 sys=0.11, real=0.03 secs] 
0.487: [GC (Allocation Failure) [PSYoungGen: 305662K->43506K(305664K)] 489512K->296885K(1005056K), 0.0327125 secs] [Times: user=0.06 sys=0.16, real=0.03 secs] 
0.570: [GC (Allocation Failure) [PSYoungGen: 305650K->43518K(305664K)] 559029K->367100K(1005056K), 0.0304005 secs] [Times: user=0.14 sys=0.05, real=0.03 secs] 
0.646: [GC (Allocation Failure) [PSYoungGen: 305662K->43513K(160256K)] 629244K->446800K(859648K), 0.0315275 secs] [Times: user=0.17 sys=0.03, real=0.03 secs] 
0.702: [GC (Allocation Failure) [PSYoungGen: 160249K->68807K(232960K)] 563536K->479708K(932352K), 0.0216872 secs] [Times: user=0.17 sys=0.00, real=0.02 secs] 
0.748: [GC (Allocation Failure) [PSYoungGen: 185543K->95348K(232960K)] 596444K->513371K(932352K), 0.0267596 secs] [Times: user=0.23 sys=0.00, real=0.03 secs] 
0.796: [GC (Allocation Failure) [PSYoungGen: 211857K->104805K(232960K)] 629879K->541315K(932352K), 0.0310257 secs] [Times: user=0.25 sys=0.00, real=0.03 secs] 
0.847: [GC (Allocation Failure) [PSYoungGen: 221541K->73646K(232960K)] 658051K->570733K(932352K), 0.0377406 secs] [Times: user=0.08 sys=0.14, real=0.04 secs] 
0.909: [GC (Allocation Failure) [PSYoungGen: 190375K->36089K(232960K)] 687462K->602222K(932352K), 0.0286080 secs] [Times: user=0.06 sys=0.08, real=0.03 secs] 
0.960: [GC (Allocation Failure) [PSYoungGen: 152825K->37419K(232960K)] 718958K->636502K(932352K), 0.0184888 secs] [Times: user=0.11 sys=0.02, real=0.02 secs] 
0.979: [Full GC (Ergonomics) [PSYoungGen: 37419K->0K(232960K)] [ParOldGen: 599082K->342297K(699392K)] 636502K->342297K(932352K), [Metaspace: 2632K->2632K(1056768K)], 0.1004711 secs] [Times: user=0.63 sys=0.06, real=0.10 secs] 
1.101: [GC (Allocation Failure) [PSYoungGen: 116736K->40760K(232960K)] 459033K->383057K(932352K), 0.0125102 secs] [Times: user=0.09 sys=0.00, real=0.01 secs] 
1.135: [GC (Allocation Failure) [PSYoungGen: 157496K->34461K(232960K)] 499793K->411676K(932352K), 0.0186420 secs] [Times: user=0.11 sys=0.00, real=0.02 secs] 
1.176: [GC (Allocation Failure) [PSYoungGen: 151096K->36098K(232960K)] 528311K->444581K(932352K), 0.0170333 secs] [Times: user=0.11 sys=0.00, real=0.02 secs] 
1.215: [GC (Allocation Failure) [PSYoungGen: 152834K->37580K(232960K)] 561317K->478158K(932352K), 0.0181568 secs] [Times: user=0.13 sys=0.00, real=0.02 secs] 
1.257: [GC (Allocation Failure) [PSYoungGen: 154316K->42014K(232960K)] 594894K->515514K(932352K), 0.0235803 secs] [Times: user=0.11 sys=0.00, real=0.02 secs] 
1.304: [GC (Allocation Failure) [PSYoungGen: 158750K->36379K(232960K)] 632250K->548098K(932352K), 0.0198531 secs] [Times: user=0.13 sys=0.00, real=0.02 secs] 
1.345: [GC (Allocation Failure) [PSYoungGen: 153115K->35828K(232960K)] 664834K->579740K(932352K), 0.0172016 secs] [Times: user=0.13 sys=0.00, real=0.02 secs] 
1.382: [GC (Allocation Failure) [PSYoungGen: 152525K->39789K(232960K)] 696436K->615269K(932352K), 0.0184171 secs] [Times: user=0.11 sys=0.00, real=0.02 secs] 
1.422: [GC (Allocation Failure) [PSYoungGen: 156525K->40413K(232960K)] 732005K->653169K(932352K), 0.0240625 secs] [Times: user=0.23 sys=0.00, real=0.03 secs] 
1.470: [GC (Allocation Failure) [PSYoungGen: 157149K->38515K(232960K)] 769905K->686593K(932352K), 0.0217016 secs] [Times: user=0.09 sys=0.02, real=0.02 secs] 
1.491: [Full GC (Ergonomics) [PSYoungGen: 38515K->0K(232960K)] [ParOldGen: 648078K->353739K(699392K)] 686593K->353739K(932352K), [Metaspace: 2632K->2632K(1056768K)], 0.0973430 secs] [Times: user=0.72 sys=0.00, real=0.10 secs] 
1.610: [GC (Allocation Failure) [PSYoungGen: 116657K->32486K(232960K)] 470396K->386225K(932352K), 0.0099629 secs] [Times: user=0.00 sys=0.00, real=0.01 secs] 
1.643: [GC (Allocation Failure) [PSYoungGen: 149222K->38105K(232960K)] 502961K->420058K(932352K), 0.0190875 secs] [Times: user=0.11 sys=0.00, real=0.02 secs] 
1.684: [GC (Allocation Failure) [PSYoungGen: 154744K->37699K(232960K)] 536697K->452912K(932352K), 0.0192335 secs] [Times: user=0.13 sys=0.00, real=0.02 secs] 
1.725: [GC (Allocation Failure) [PSYoungGen: 154435K->37723K(236032K)] 569648K->484767K(935424K), 0.0176667 secs] [Times: user=0.13 sys=0.00, real=0.02 secs] 
1.764: [GC (Allocation Failure) [PSYoungGen: 157193K->39776K(232960K)] 604237K->521316K(932352K), 0.0189367 secs] [Times: user=0.20 sys=0.00, real=0.02 secs] 
1.810: [GC (Allocation Failure) [PSYoungGen: 159584K->37779K(245248K)] 641124K->554099K(944640K), 0.0209111 secs] [Times: user=0.24 sys=0.00, real=0.02 secs] 
1.858: [GC (Allocation Failure) [PSYoungGen: 174995K->49805K(241152K)] 691315K->599618K(940544K), 0.0221390 secs] [Times: user=0.24 sys=0.00, real=0.02 secs] 
1.906: [GC (Allocation Failure) [PSYoungGen: 187021K->52483K(252928K)] 736834K->644238K(952320K), 0.0238295 secs] [Times: user=0.25 sys=0.00, real=0.02 secs] 
1.956: [GC (Allocation Failure) [PSYoungGen: 205770K->51313K(249856K)] 797525K->685669K(949248K), 0.0234645 secs] [Times: user=0.13 sys=0.00, real=0.02 secs] 
2.012: [GC (Allocation Failure) [PSYoungGen: 204913K->50973K(260096K)] 839269K->730812K(959488K), 0.0268073 secs] [Times: user=0.16 sys=0.08, real=0.03 secs] 
2.039: [Full GC (Ergonomics) [PSYoungGen: 50973K->0K(260096K)] [ParOldGen: 679839K->358313K(699392K)] 730812K->358313K(959488K), [Metaspace: 2632K->2632K(1056768K)], 0.0984864 secs] [Times: user=0.64 sys=0.00, real=0.10 secs] 
Heap
 PSYoungGen      total 260096K, used 6842K [0x00000000eab00000, 0x0000000100000000, 0x0000000100000000)
  eden space 167424K, 4% used [0x00000000eab00000,0x00000000eb1aeb68,0x00000000f4e80000)
  from space 92672K, 0% used [0x00000000fa580000,0x00000000fa580000,0x0000000100000000)
  to   space 89088K, 0% used [0x00000000f4e80000,0x00000000f4e80000,0x00000000fa580000)
 ParOldGen       total 699392K, used 358313K [0x00000000c0000000, 0x00000000eab00000, 0x00000000eab00000)
  object space 699392K, 51% used [0x00000000c0000000,0x00000000d5dea598,0x00000000eab00000)
 Metaspace       used 2638K, capacity 4486K, committed 4864K, reserved 1056768K
  class space    used 291K, capacity 386K, committed 512K, reserved 1048576K
