Java HotSpot(TM) 64-Bit Server VM (25.231-b11) for windows-amd64 JRE (1.8.0_231-b11), built on Oct  5 2019 03:11:30 by "java_re" with MS VC++ 10.0 (VS2010)
Memory: 4k page, physical 8272828k(3545252k free), swap 12899592k(3784928k free)
CommandLine flags: -XX:InitialHeapSize=536870912 -XX:MaxHeapSize=536870912 -XX:+PrintGC -XX:+PrintGCDetails -XX:+PrintGCTimeStamps -XX:+UseCompressedClassPointers -XX:+UseCompressedOops -XX:-UseLargePagesIndividualAllocation -XX:+UseParallelGC 
0.171: [GC (Allocation Failure) [PSYoungGen: 131584K->21501K(153088K)] 131584K->44066K(502784K), 0.0124426 secs] [Times: user=0.03 sys=0.09, real=0.01 secs] 
0.210: [GC (Allocation Failure) [PSYoungGen: 153085K->21494K(153088K)] 175650K->88667K(502784K), 0.0174251 secs] [Times: user=0.06 sys=0.06, real=0.02 secs] 
0.257: [GC (Allocation Failure) [PSYoungGen: 153078K->21501K(153088K)] 220251K->129850K(502784K), 0.0177811 secs] [Times: user=0.02 sys=0.08, real=0.02 secs] 
0.304: [GC (Allocation Failure) [PSYoungGen: 153085K->21492K(153088K)] 261434K->167926K(502784K), 0.0165086 secs] [Times: user=0.08 sys=0.05, real=0.02 secs] 
0.346: [GC (Allocation Failure) [PSYoungGen: 153076K->21500K(153088K)] 299510K->213780K(502784K), 0.0173615 secs] [Times: user=0.13 sys=0.00, real=0.02 secs] 
0.389: [GC (Allocation Failure) [PSYoungGen: 153084K->21489K(80384K)] 345364K->255253K(430080K), 0.0162853 secs] [Times: user=0.03 sys=0.09, real=0.02 secs] 
0.415: [GC (Allocation Failure) [PSYoungGen: 80369K->41444K(116736K)] 314133K->278781K(466432K), 0.0116854 secs] [Times: user=0.00 sys=0.00, real=0.01 secs] 
0.440: [GC (Allocation Failure) [PSYoungGen: 100218K->54858K(116736K)] 337555K->297900K(466432K), 0.0150870 secs] [Times: user=0.13 sys=0.00, real=0.01 secs] 
0.467: [GC (Allocation Failure) [PSYoungGen: 113113K->57854K(116736K)] 356155K->311973K(466432K), 0.0189787 secs] [Times: user=0.09 sys=0.00, real=0.02 secs] 
0.497: [GC (Allocation Failure) [PSYoungGen: 116667K->33525K(116736K)] 370786K->327400K(466432K), 0.0191992 secs] [Times: user=0.08 sys=0.03, real=0.02 secs] 
0.516: [Full GC (Ergonomics) [PSYoungGen: 33525K->0K(116736K)] [ParOldGen: 293874K->236695K(349696K)] 327400K->236695K(466432K), [Metaspace: 2632K->2632K(1056768K)], 0.0642930 secs] [Times: user=0.41 sys=0.03, real=0.07 secs] 
0.592: [GC (Allocation Failure) [PSYoungGen: 58880K->23304K(116736K)] 295575K->260000K(466432K), 0.0063009 secs] [Times: user=0.00 sys=0.00, real=0.01 secs] 
0.609: [GC (Allocation Failure) [PSYoungGen: 82184K->19839K(116736K)] 318880K->277865K(466432K), 0.0108956 secs] [Times: user=0.11 sys=0.00, real=0.01 secs] 
0.633: [GC (Allocation Failure) [PSYoungGen: 78719K->18569K(116736K)] 336745K->296164K(466432K), 0.0113714 secs] [Times: user=0.00 sys=0.00, real=0.01 secs] 
0.656: [GC (Allocation Failure) [PSYoungGen: 77449K->19615K(116736K)] 355044K->314103K(466432K), 0.0107816 secs] [Times: user=0.13 sys=0.00, real=0.01 secs] 
0.678: [GC (Allocation Failure) [PSYoungGen: 78276K->18757K(116736K)] 372764K->331568K(466432K), 0.0103554 secs] [Times: user=0.13 sys=0.00, real=0.01 secs] 
0.688: [Full GC (Ergonomics) [PSYoungGen: 18757K->0K(116736K)] [ParOldGen: 312811K->266735K(349696K)] 331568K->266735K(466432K), [Metaspace: 2632K->2632K(1056768K)], 0.0696474 secs] [Times: user=0.59 sys=0.01, real=0.07 secs] 
0.768: [GC (Allocation Failure) [PSYoungGen: 58880K->19105K(116736K)] 325615K->285840K(466432K), 0.0051269 secs] [Times: user=0.08 sys=0.00, real=0.01 secs] 
0.784: [GC (Allocation Failure) [PSYoungGen: 77985K->21361K(116736K)] 344720K->305685K(466432K), 0.0101067 secs] [Times: user=0.11 sys=0.00, real=0.01 secs] 
0.805: [GC (Allocation Failure) [PSYoungGen: 80191K->21413K(116736K)] 364514K->326434K(466432K), 0.0127302 secs] [Times: user=0.00 sys=0.00, real=0.01 secs] 
0.832: [GC (Allocation Failure) [PSYoungGen: 80293K->18866K(116736K)] 385314K->343906K(466432K), 0.0123105 secs] [Times: user=0.13 sys=0.00, real=0.01 secs] 
0.845: [Full GC (Ergonomics) [PSYoungGen: 18866K->0K(116736K)] [ParOldGen: 325040K->287100K(349696K)] 343906K->287100K(466432K), [Metaspace: 2632K->2632K(1056768K)], 0.0753568 secs] [Times: user=0.58 sys=0.00, real=0.08 secs] 
0.931: [GC (Allocation Failure) [PSYoungGen: 58880K->19348K(116736K)] 345980K->306448K(466432K), 0.0053642 secs] [Times: user=0.00 sys=0.00, real=0.01 secs] 
0.947: [GC (Allocation Failure) [PSYoungGen: 78228K->20291K(116736K)] 365328K->325161K(466432K), 0.0099711 secs] [Times: user=0.00 sys=0.00, real=0.01 secs] 
0.969: [GC (Allocation Failure) [PSYoungGen: 78880K->18922K(116736K)] 383751K->342989K(466432K), 0.0103780 secs] [Times: user=0.13 sys=0.00, real=0.01 secs] 
0.979: [Full GC (Ergonomics) [PSYoungGen: 18922K->0K(116736K)] [ParOldGen: 324067K->300779K(349696K)] 342989K->300779K(466432K), [Metaspace: 2632K->2632K(1056768K)], 0.0832751 secs] [Times: user=0.55 sys=0.00, real=0.08 secs] 
1.074: [GC (Allocation Failure) [PSYoungGen: 58660K->20880K(116736K)] 359440K->321659K(466432K), 0.0061499 secs] [Times: user=0.00 sys=0.00, real=0.01 secs] 
1.092: [GC (Allocation Failure) [PSYoungGen: 79760K->20585K(116736K)] 380539K->340431K(466432K), 0.0108521 secs] [Times: user=0.13 sys=0.00, real=0.01 secs] 
1.103: [Full GC (Ergonomics) [PSYoungGen: 20585K->0K(116736K)] [ParOldGen: 319845K->307460K(349696K)] 340431K->307460K(466432K), [Metaspace: 2632K->2632K(1056768K)], 0.0810652 secs] [Times: user=0.56 sys=0.00, real=0.08 secs] 
1.198: [GC (Allocation Failure) [PSYoungGen: 58880K->17432K(116736K)] 366340K->324893K(466432K), 0.0047696 secs] [Times: user=0.00 sys=0.00, real=0.01 secs] 
1.215: [GC (Allocation Failure) [PSYoungGen: 76216K->21251K(116736K)] 383677K->344328K(466432K), 0.0096511 secs] [Times: user=0.00 sys=0.00, real=0.01 secs] 
1.225: [Full GC (Ergonomics) [PSYoungGen: 21251K->0K(116736K)] [ParOldGen: 323076K->314625K(349696K)] 344328K->314625K(466432K), [Metaspace: 2632K->2632K(1056768K)], 0.0794455 secs] [Times: user=0.52 sys=0.00, real=0.08 secs] 
1.315: [GC (Allocation Failure) [PSYoungGen: 58838K->21919K(116736K)] 373464K->336545K(466432K), 0.0062071 secs] [Times: user=0.13 sys=0.00, real=0.01 secs] 
1.333: [GC (Allocation Failure) [PSYoungGen: 80715K->19539K(117760K)] 395341K->355379K(467456K), 0.0111048 secs] [Times: user=0.13 sys=0.00, real=0.01 secs] 
1.344: [Full GC (Ergonomics) [PSYoungGen: 19539K->0K(117760K)] [ParOldGen: 335840K->322844K(349696K)] 355379K->322844K(467456K), [Metaspace: 2632K->2632K(1056768K)], 0.0883619 secs] [Times: user=0.64 sys=0.00, real=0.09 secs] 
1.444: [Full GC (Ergonomics) [PSYoungGen: 59904K->0K(117760K)] [ParOldGen: 322844K->326997K(349696K)] 382748K->326997K(467456K), [Metaspace: 2632K->2632K(1056768K)], 0.0827683 secs] [Times: user=0.61 sys=0.00, real=0.08 secs] 
1.538: [Full GC (Ergonomics) [PSYoungGen: 59904K->0K(117760K)] [ParOldGen: 326997K->323812K(349696K)] 386901K->323812K(467456K), [Metaspace: 2632K->2632K(1056768K)], 0.0821792 secs] [Times: user=0.53 sys=0.00, real=0.08 secs] 
1.632: [Full GC (Ergonomics) [PSYoungGen: 59904K->0K(117760K)] [ParOldGen: 323812K->327750K(349696K)] 383716K->327750K(467456K), [Metaspace: 2632K->2632K(1056768K)], 0.0831273 secs] [Times: user=0.70 sys=0.00, real=0.08 secs] 
1.726: [Full GC (Ergonomics) [PSYoungGen: 59830K->0K(117760K)] [ParOldGen: 327750K->332557K(349696K)] 387581K->332557K(467456K), [Metaspace: 2632K->2632K(1056768K)], 0.0890632 secs] [Times: user=0.44 sys=0.00, real=0.09 secs] 
1.827: [Full GC (Ergonomics) [PSYoungGen: 59388K->0K(117760K)] [ParOldGen: 332557K->335803K(349696K)] 391946K->335803K(467456K), [Metaspace: 2632K->2632K(1056768K)], 0.0840806 secs] [Times: user=0.58 sys=0.02, real=0.08 secs] 
1.921: [Full GC (Ergonomics) [PSYoungGen: 59904K->0K(117760K)] [ParOldGen: 335803K->340634K(349696K)] 395707K->340634K(467456K), [Metaspace: 2632K->2632K(1056768K)], 0.0911199 secs] [Times: user=0.64 sys=0.00, real=0.09 secs] 
2.024: [Full GC (Ergonomics) [PSYoungGen: 59440K->0K(117760K)] [ParOldGen: 340634K->340000K(349696K)] 400075K->340000K(467456K), [Metaspace: 2632K->2632K(1056768K)], 0.0850022 secs] [Times: user=0.59 sys=0.00, real=0.09 secs] 
Heap
 PSYoungGen      total 117760K, used 2939K [0x00000000f5580000, 0x0000000100000000, 0x0000000100000000)
  eden space 59904K, 4% used [0x00000000f5580000,0x00000000f585edf8,0x00000000f9000000)
  from space 57856K, 0% used [0x00000000fc780000,0x00000000fc780000,0x0000000100000000)
  to   space 56832K, 0% used [0x00000000f9000000,0x00000000f9000000,0x00000000fc780000)
 ParOldGen       total 349696K, used 340000K [0x00000000e0000000, 0x00000000f5580000, 0x00000000f5580000)
  object space 349696K, 97% used [0x00000000e0000000,0x00000000f4c08080,0x00000000f5580000)
 Metaspace       used 2638K, capacity 4486K, committed 4864K, reserved 1056768K
  class space    used 291K, capacity 386K, committed 512K, reserved 1048576K
